2026-01-06 00:44:42,370 INFO o.a.j.u.JMeterUtils: Setting Locale to en_EN
2026-01-06 00:44:42,379 INFO o.a.j.JMeter: Loading user properties from: /Users/mdaktaruzzaman/Desktop/apache-jmeter-5.6.3/bin/user.properties
2026-01-06 00:44:42,379 INFO o.a.j.JMeter: Loading system properties from: /Users/mdaktaruzzaman/Desktop/apache-jmeter-5.6.3/bin/system.properties
2026-01-06 00:44:42,381 INFO o.a.j.JMeter: Copyright (c) 1998-2024 The Apache Software Foundation
2026-01-06 00:44:42,381 INFO o.a.j.JMeter: Version 5.6.3
2026-01-06 00:44:42,381 INFO o.a.j.JMeter: java.version=22.0.2
2026-01-06 00:44:42,381 INFO o.a.j.JMeter: java.vm.name=Java HotSpot(TM) 64-Bit Server VM
2026-01-06 00:44:42,381 INFO o.a.j.JMeter: os.name=Mac OS X
2026-01-06 00:44:42,381 INFO o.a.j.JMeter: os.arch=aarch64
2026-01-06 00:44:42,381 INFO o.a.j.JMeter: os.version=15.6.1
2026-01-06 00:44:42,381 INFO o.a.j.JMeter: file.encoding=UTF-8
2026-01-06 00:44:42,381 INFO o.a.j.JMeter: java.awt.headless=true
2026-01-06 00:44:42,381 INFO o.a.j.JMeter: Max memory     =1073741824
2026-01-06 00:44:42,381 INFO o.a.j.JMeter: Available Processors =11
2026-01-06 00:44:42,385 INFO o.a.j.JMeter: Default Locale=English (EN)
2026-01-06 00:44:42,385 INFO o.a.j.JMeter: JMeter  Locale=English (EN)
2026-01-06 00:44:42,385 INFO o.a.j.JMeter: JMeterHome=/Users/mdaktaruzzaman/Desktop/apache-jmeter-5.6.3
2026-01-06 00:44:42,385 INFO o.a.j.JMeter: user.dir  =/Users/mdaktaruzzaman/Desktop/Parabank-QA-Automation-Suite
2026-01-06 00:44:42,385 INFO o.a.j.JMeter: PWD       =/Users/mdaktaruzzaman/Desktop/Parabank-QA-Automation-Suite
2026-01-06 00:44:42,387 INFO o.a.j.JMeter: IP: 127.0.0.1 Name: Mds-MacBook-Pro.local FullName: localhost
2026-01-06 00:44:42,392 INFO o.a.j.JMeter: Setting property 'jmeter.reportgenerator.outputdir' to:'/Users/mdaktaruzzaman/Desktop/Parabank-QA-Automation-Suite/reports/performance/scalability/html'
2026-01-06 00:44:42,394 INFO o.a.j.r.d.ReportGenerator: ReportGenerator will use for Parsing the separator: ','
2026-01-06 00:44:42,394 ERROR o.a.j.JMeter: An error occurred: 
java.lang.IllegalArgumentException: Cannot read test results file : target/reports/performance/results/20260106-scalability-test.csv
	at org.apache.jmeter.report.dashboard.ReportGenerator.<init>(ReportGenerator.java:134) ~[ApacheJMeter_core.jar:5.6.3]
	at org.apache.jmeter.JMeter.start(JMeter.java:484) [ApacheJMeter_core.jar:5.6.3]
	at java.base/jdk.internal.reflect.DirectMethodHandleAccessor.invoke(DirectMethodHandleAccessor.java:103) ~[?:?]
	at java.base/java.lang.reflect.Method.invoke(Method.java:580) ~[?:?]
	at org.apache.jmeter.NewDriver.main(NewDriver.java:259) [ApacheJMeter.jar:5.6.3]
